// Jest Snapshot v1, https://goo.gl/fbAQLP

exports[`pruebas sobre <RealExampleRef/> debe mostrarse correctamente  1`] = `
<div>
  <h1>
    Real Example Ref
  </h1>
  <hr />
  <button
    className="btn btn-primary"
    onClick={[Function]}
  >
    Show
  </button>
</div>
`;
